7F8C78E26740 [main.cpp:296] main Wait
7F8C78E26740 [main.cpp:296] main Wait
7F8C78E26740 [main.cpp:296] main Wait
7F8C78E26740 [main.cpp:296] main Wait
7FBC3DBBE740 [main.cpp:296] main Wait
7FBC3DBBE740 [main.cpp:296] main Wait
7FBC3DBBE740 [main.cpp:296] main Wait
7FBC3DBBE740 [main.cpp:296] main Wait
7FBC3DBBE740 [main.cpp:296] main Wait
7F4C268FF740 [main.cpp:296] main Wait
7F4C268FF740 [main.cpp:296] main Wait
7F4C268FF740 [main.cpp:296] main Wait
7F4C268FF740 [main.cpp:296] main Wait
7F7EDD8E7740 [main.cpp:296] main Wait
7F7EDD8E7740 [main.cpp:296] main Wait
7F7EDD8E7740 [main.cpp:296] main Wait
7F7EDD8E7740 [main.cpp:296] main Wait
7F8C2B7DF740 [main.cpp:296] main Wait
7F8C2B7DF740 [main.cpp:296] main Wait
7F8C2B7DF740 [main.cpp:296] main Wait
7F8C2B7DF740 [main.cpp:296] main Wait
7F17EC13F740 [main.cpp:296] main Wait
7F17EC13F740 [main.cpp:296] main Wait
7F17EC13F740 [main.cpp:296] main Wait
7FF6A5170740 [main.cpp:296] main Wait
7FF6A5170740 [main.cpp:296] main Wait
7FF6A5170740 [main.cpp:296] main Wait
7FF6A5170740 [main.cpp:296] main Wait
7FF6A5170740 [main.cpp:296] main Wait
7FF6A5170740 [main.cpp:296] main Wait
7FF6A5170740 [main.cpp:296] main Wait
7FF6A5170740 [main.cpp:296] main Wait
7FC70D6ED740 [main.cpp:296] main Wait
7FC70D6ED740 [main.cpp:296] main Wait
7FC70D6ED740 [main.cpp:296] main Wait
7FC70D6ED740 [main.cpp:296] main Wait
7F9D8D4E4740 [main.cpp:296] main Wait
7F9D8D4E4740 [main.cpp:296] main Wait
7F9D8D4E4740 [main.cpp:296] main Wait
7F9D8D4E4740 [main.cpp:296] main Wait
7F9D8D4E4740 [main.cpp:296] main Wait
7F9D8D4E4740 [main.cpp:296] main Wait
7F84120E1740 [main.cpp:296] main Wait
7F84120E1740 [main.cpp:296] main Wait
7F84120E1740 [main.cpp:296] main Wait
7F0591849740 [main.cpp:296] main Wait
7F0591849740 [main.cpp:296] main Wait
7F0591849740 [main.cpp:296] main Wait
7F0118DDA740 [main.cpp:296] main Wait
7F0118DDA740 [main.cpp:296] main Wait
7F0118DDA740 [main.cpp:296] main Wait
7F0118DDA740 [main.cpp:296] main Wait
7F17F9D2A740 [main.cpp:296] main Wait
7F17F9D2A740 [main.cpp:296] main Wait
7F17F9D2A740 [main.cpp:296] main Wait
7FAE645E1740 [main.cpp:296] main Wait
7FAE645E1740 [main.cpp:296] main Wait
7FAE645E1740 [main.cpp:296] main Wait
7FAE645E1740 [main.cpp:296] main Wait
7FD91CF4C740 [main.cpp:296] main Wait
7FD91CF4C740 [main.cpp:296] main Wait
7FD91CF4C740 [main.cpp:296] main Wait
7F6DD5D71740 [main.cpp:296] main Wait
7F6DD5D71740 [main.cpp:296] main Wait
7F6DD5D71740 [main.cpp:296] main Wait
7F6DD5D71740 [main.cpp:296] main Wait
7F6DD5D71740 [main.cpp:296] main Wait
7FAF7031A740 [main.cpp:296] main Wait
7FAF7031A740 [main.cpp:296] main Wait
7FAF7031A740 [main.cpp:296] main Wait
7FAF7031A740 [main.cpp:296] main Wait
7F9684E93740 [main.cpp:296] main Wait
7F9684E93740 [main.cpp:296] main Wait
7F9684E93740 [main.cpp:296] main Wait
7F9684E93740 [main.cpp:296] main Wait
7F9684E93740 [main.cpp:296] main Wait
7F9758588740 [main.cpp:296] main Wait
7F9758588740 [main.cpp:296] main Wait
7F9758588740 [main.cpp:296] main Wait
7F9758588740 [main.cpp:296] main Wait
7FD997272740 [main.cpp:296] main Wait
7FD997272740 [main.cpp:296] main Wait
7FD997272740 [main.cpp:296] main Wait
7FD997272740 [main.cpp:296] main Wait
7FC9069CC740 [main.cpp:296] main Wait
7FC9069CC740 [main.cpp:296] main Wait
7F940F491740 [main.cpp:296] main Wait
7F940F491740 [main.cpp:296] main Wait
7F940F491740 [main.cpp:296] main Wait
7F940F491740 [main.cpp:296] main Wait
7F7EF4084740 [main.cpp:296] main Wait
7F7EF4084740 [main.cpp:296] main Wait
7F7EF4084740 [main.cpp:296] main Wait
7F832D6D7740 [main.cpp:296] main Wait
7F832D6D7740 [main.cpp:296] main Wait
7F832D6D7740 [main.cpp:296] main Wait
7F832D6D7740 [main.cpp:296] main Wait
7F1BAA24A740 [main.cpp:296] main Wait
7F1BAA24A740 [main.cpp:296] main Wait
7F1BAA24A740 [main.cpp:296] main Wait
7F1BAA24A740 [main.cpp:296] main Wait
7F50C5F5E740 [main.cpp:296] main Wait
7F50C5F5E740 [main.cpp:296] main Wait
7F50C5F5E740 [main.cpp:296] main Wait
7F50C5F5E740 [main.cpp:296] main Wait
7F9B5EB0B740 [main.cpp:296] main Wait
7F9B5EB0B740 [main.cpp:296] main Wait
7F9B5EB0B740 [main.cpp:296] main Wait
7F9B5EB0B740 [main.cpp:296] main Wait
7F72E9E00740 [main.cpp:296] main Wait
7F72E9E00740 [main.cpp:296] main Wait
7F72E9E00740 [main.cpp:296] main Wait
7F72E9E00740 [main.cpp:296] main Wait
7F72E9E00740 [main.cpp:296] main Wait
7F89191BF740 [main.cpp:296] main Wait
7F89191BF740 [main.cpp:296] main Wait
7F89191BF740 [main.cpp:296] main Wait
7F89191BF740 [main.cpp:296] main Wait
7F89191BF740 [main.cpp:296] main Wait
7F884412A740 [main.cpp:296] main Wait
7F884412A740 [main.cpp:296] main Wait
7F884412A740 [main.cpp:296] main Wait
7F884412A740 [main.cpp:296] main Wait
7F8824CEC740 [main.cpp:296] main Wait
7F8824CEC740 [main.cpp:296] main Wait
7F8824CEC740 [main.cpp:296] main Wait
7F8824CEC740 [main.cpp:296] main Wait
7F0E11288740 [main.cpp:296] main Wait
7F0E11288740 [main.cpp:296] main Wait
7F0E11288740 [main.cpp:296] main Wait
7F0E11288740 [main.cpp:296] main Wait
7F33E4DFB740 [main.cpp:296] main Wait
7F33E4DFB740 [main.cpp:296] main Wait
7F33E4DFB740 [main.cpp:296] main Wait
7F33E4DFB740 [main.cpp:296] main Wait
7F33E4DFB740 [main.cpp:296] main Wait
7F063E0BE740 [main.cpp:296] main Wait
7F063E0BE740 [main.cpp:296] main Wait
7F063E0BE740 [main.cpp:296] main Wait
7F063E0BE740 [main.cpp:296] main Wait
7F0585203740 [main.cpp:296] main Wait
7F0585203740 [main.cpp:296] main Wait
7F0585203740 [main.cpp:296] main Wait
7F0585203740 [main.cpp:296] main Wait
7F0585203740 [main.cpp:296] main Wait
7FD08A444740 [main.cpp:296] main Wait
7FD08A444740 [main.cpp:296] main Wait
7FD08A444740 [main.cpp:296] main Wait
7FD08A444740 [main.cpp:296] main Wait
7FD08A444740 [main.cpp:296] main Wait
7FD08A444740 [main.cpp:296] main Wait
7FC7CE93A740 [main.cpp:296] main Wait
7FC7CE93A740 [main.cpp:296] main Wait
7FC7CE93A740 [main.cpp:296] main Wait
7FC7CE93A740 [main.cpp:296] main Wait
7FC7CE93A740 [main.cpp:296] main Wait
7FBB656A6740 [main.cpp:296] main Wait
7FBB656A6740 [main.cpp:296] main Wait
7FBB656A6740 [main.cpp:296] main Wait
7FBB656A6740 [main.cpp:296] main Wait
7FBB656A6740 [main.cpp:296] main Wait
7FD563558740 [main.cpp:296] main Wait
7FD563558740 [main.cpp:296] main Wait
7F93F8CAE740 [main.cpp:296] main Wait
7F93F8CAE740 [main.cpp:296] main Wait
7F93F8CAE740 [main.cpp:296] main Wait
7F93F8CAE740 [main.cpp:296] main Wait
7F93F8CAE740 [main.cpp:296] main Wait
7F93F8CAE740 [main.cpp:296] main Wait
7F62BFD8E740 [main.cpp:296] main Wait
7F62BFD8E740 [main.cpp:296] main Wait
7F62BFD8E740 [main.cpp:296] main Wait
7F62BFD8E740 [main.cpp:296] main Wait
7F62BFD8E740 [main.cpp:296] main Wait
7F156E8D3740 [main.cpp:296] main Wait
7F156E8D3740 [main.cpp:296] main Wait
7F156E8D3740 [main.cpp:296] main Wait
7F91B2670740 [main.cpp:296] main Wait
7F91B2670740 [main.cpp:296] main Wait
7F91B2670740 [main.cpp:296] main Wait
7F91B2670740 [main.cpp:296] main Wait
7F91B2670740 [main.cpp:296] main Wait
7F57A0C20740 [main.cpp:296] main Wait
7F57A0C20740 [main.cpp:296] main Wait
7F57A0C20740 [main.cpp:296] main Wait
7F57A0C20740 [main.cpp:296] main Wait
7F57A0C20740 [main.cpp:296] main Wait
7F57A0C20740 [main.cpp:296] main Wait
7F4EDD383740 [main.cpp:296] main Wait
7F4EDD383740 [main.cpp:296] main Wait
7F4EDD383740 [main.cpp:296] main Wait
7F4EDD383740 [main.cpp:296] main Wait
7F4EDD383740 [main.cpp:296] main Wait
7F18CCE14740 [main.cpp:296] main Wait
7F18CCE14740 [main.cpp:296] main Wait
7F18CCE14740 [main.cpp:296] main Wait
7F18CCE14740 [main.cpp:296] main Wait
7F18CCE14740 [main.cpp:296] main Wait
7FE23FF67740 [main.cpp:296] main Wait
7FE23FF67740 [main.cpp:296] main Wait
7FE23FF67740 [main.cpp:296] main Wait
7FE23FF67740 [main.cpp:296] main Wait
7FE23FF67740 [main.cpp:296] main Wait
7FE455474740 [main.cpp:296] main Wait
7FE455474740 [main.cpp:296] main Wait
7FE455474740 [main.cpp:296] main Wait
7FE455474740 [main.cpp:296] main Wait
7FE455474740 [main.cpp:296] main Wait
7F93B5C1C740 [main.cpp:296] main Wait
7F93B5C1C740 [main.cpp:296] main Wait
7F93B5C1C740 [main.cpp:296] main Wait
7F93B5C1C740 [main.cpp:296] main Wait
7F93B5C1C740 [main.cpp:296] main Wait
7F5853349740 [main.cpp:296] main Wait
7F5853349740 [main.cpp:296] main Wait
7F5853349740 [main.cpp:296] main Wait
7F5853349740 [main.cpp:296] main Wait
7F5853349740 [main.cpp:296] main Wait
7F9201B40740 [main.cpp:296] main Wait
7F9201B40740 [main.cpp:296] main Wait
7F9201B40740 [main.cpp:296] main Wait
7F9201B40740 [main.cpp:296] main Wait
7F0111919740 [main.cpp:296] main Wait
7F0111919740 [main.cpp:296] main Wait
7F6C1601E740 [main.cpp:296] main Wait
7F6C1601E740 [main.cpp:296] main Wait
7F6C1601E740 [main.cpp:296] main Wait
7F6C1601E740 [main.cpp:296] main Wait
7F6802001740 [main.cpp:296] main Wait
7F6802001740 [main.cpp:296] main Wait
7F6802001740 [main.cpp:296] main Wait
7F6802001740 [main.cpp:296] main Wait
7F6802001740 [main.cpp:296] main Wait
7F9F2BCA4740 [main.cpp:296] main Wait
7F9F2BCA4740 [main.cpp:296] main Wait
7F9F2BCA4740 [main.cpp:296] main Wait
7F9F2BCA4740 [main.cpp:296] main Wait
7F9F2BCA4740 [main.cpp:296] main Wait
7F057597F740 [main.cpp:296] main Wait
7F057597F740 [main.cpp:296] main Wait
7F057597F740 [main.cpp:296] main Wait
7F057597F740 [main.cpp:296] main Wait
7F057597F740 [main.cpp:296] main Wait
7F9D0AC2E740 [main.cpp:296] main Wait
7F9D0AC2E740 [main.cpp:296] main Wait
7F9D0AC2E740 [main.cpp:296] main Wait
7F9D0AC2E740 [main.cpp:296] main Wait
7F9D0AC2E740 [main.cpp:296] main Wait
7F9D0AC2E740 [main.cpp:296] main Wait
7F2DFE4BC740 [main.cpp:296] main Wait
7F2DFE4BC740 [main.cpp:296] main Wait
7F2DFE4BC740 [main.cpp:296] main Wait
7F2DFE4BC740 [main.cpp:296] main Wait
7F3EFE365740 [main.cpp:296] main Wait
7F3EFE365740 [main.cpp:296] main Wait
7F3EFE365740 [main.cpp:296] main Wait
7F3EFE365740 [main.cpp:296] main Wait
7F3EFE365740 [main.cpp:296] main Wait
7F280367F740 [main.cpp:296] main Wait
7F280367F740 [main.cpp:296] main Wait
7F280367F740 [main.cpp:296] main Wait
7F280367F740 [main.cpp:296] main Wait
7F280367F740 [main.cpp:296] main Wait
7FCAB4635740 [main.cpp:296] main Wait
7FCAB4635740 [main.cpp:296] main Wait
7FCAB4635740 [main.cpp:296] main Wait
7FCAB4635740 [main.cpp:296] main Wait
7FCAB4635740 [main.cpp:296] main Wait
7FCAB4635740 [main.cpp:296] main Wait
7F92A15CC740 [main.cpp:296] main Wait
7F92A15CC740 [main.cpp:296] main Wait
7F92A15CC740 [main.cpp:296] main Wait
7F92A15CC740 [main.cpp:296] main Wait
7F92A15CC740 [main.cpp:296] main Wait
7F3E5D8D6740 [main.cpp:296] main Wait
7F3E5D8D6740 [main.cpp:296] main Wait
7F3E5D8D6740 [main.cpp:296] main Wait
7F3E5D8D6740 [main.cpp:296] main Wait
7F3E5D8D6740 [main.cpp:296] main Wait
7F3E5D8D6740 [main.cpp:296] main Wait
7F3E5D8D6740 [main.cpp:296] main Wait
7F86513CF740 [main.cpp:296] main Wait
7F86513CF740 [main.cpp:296] main Wait
7F86513CF740 [main.cpp:296] main Wait
7F86513CF740 [main.cpp:296] main Wait
7F86513CF740 [main.cpp:296] main Wait
7F86513CF740 [main.cpp:296] main Wait
7F86513CF740 [main.cpp:296] main Wait
7EFF2DB48740 [main.cpp:296] main Wait
7EFF2DB48740 [main.cpp:296] main Wait
7EFF2DB48740 [main.cpp:296] main Wait
7EFF2DB48740 [main.cpp:296] main Wait
7EFF2DB48740 [main.cpp:296] main Wait
7EFF2DB48740 [main.cpp:296] main Wait
7EFF2DB48740 [main.cpp:296] main Wait
7F77B4C36740 [main.cpp:296] main Wait
7F77B4C36740 [main.cpp:296] main Wait
7F77B4C36740 [main.cpp:296] main Wait
7F77B4C36740 [main.cpp:296] main Wait
7F77B4C36740 [main.cpp:296] main Wait
7F77B4C36740 [main.cpp:296] main Wait
7F77B4C36740 [main.cpp:296] main Wait
7FBAA4406740 [main.cpp:296] main Wait
7FBAA4406740 [main.cpp:296] main Wait
7FBAA4406740 [main.cpp:296] main Wait
7FBAA4406740 [main.cpp:296] main Wait
7FBAA4406740 [main.cpp:296] main Wait
7FBAA4406740 [main.cpp:296] main Wait
7FBAA4406740 [main.cpp:296] main Wait
7FBAA4406740 [main.cpp:296] main Wait
7FBAA4406740 [main.cpp:296] main Wait
7FBAA4406740 [main.cpp:296] main Wait
7F0EBBD2F740 [main.cpp:296] main Wait
7F0EBBD2F740 [main.cpp:296] main Wait
7F0EBBD2F740 [main.cpp:296] main Wait
7F0EBBD2F740 [main.cpp:296] main Wait
7F0EBBD2F740 [main.cpp:296] main Wait
7F0EBBD2F740 [main.cpp:296] main Wait
7F0EBBD2F740 [main.cpp:296] main Wait
7F0EBBD2F740 [main.cpp:296] main Wait
7F0EBBD2F740 [main.cpp:296] main Wait
7F45F7D2F740 [main.cpp:296] main Wait
7F45F7D2F740 [main.cpp:296] main Wait
7F45F7D2F740 [main.cpp:296] main Wait
7F45F7D2F740 [main.cpp:296] main Wait
7F45F7D2F740 [main.cpp:296] main Wait
7F45F7D2F740 [main.cpp:296] main Wait
7F45F7D2F740 [main.cpp:296] main Wait
7F45F7D2F740 [main.cpp:296] main Wait
7F45F7D2F740 [main.cpp:296] main Wait
7F45F7D2F740 [main.cpp:296] main Wait
7F45F7D2F740 [main.cpp:296] main Wait
7FA1CD62C740 [main.cpp:296] main Wait
7FA1CD62C740 [main.cpp:296] main Wait
7FA1CD62C740 [main.cpp:296] main Wait
7FA1CD62C740 [main.cpp:296] main Wait
7FA1CD62C740 [main.cpp:296] main Wait
7FA1CD62C740 [main.cpp:296] main Wait
7FA1CD62C740 [main.cpp:296] main Wait
7FA1CD62C740 [main.cpp:296] main Wait
7FA1CD62C740 [main.cpp:296] main Wait
7F57FEDD2740 [main.cpp:296] main Wait
7F57FEDD2740 [main.cpp:296] main Wait
7F57FEDD2740 [main.cpp:296] main Wait
7F57FEDD2740 [main.cpp:296] main Wait
7F57FEDD2740 [main.cpp:296] main Wait
7F57FEDD2740 [main.cpp:296] main Wait
7F57FEDD2740 [main.cpp:296] main Wait
7F57FEDD2740 [main.cpp:296] main Wait
7F57FEDD2740 [main.cpp:296] main Wait
7F57FEDD2740 [main.cpp:296] main Wait
7F57FEDD2740 [main.cpp:296] main Wait
7F5595F23740 [main.cpp:296] main Wait
7F5595F23740 [main.cpp:296] main Wait
7F5595F23740 [main.cpp:296] main Wait
7F5595F23740 [main.cpp:296] main Wait
7F5595F23740 [main.cpp:296] main Wait
7F65FA270740 [main.cpp:296] main Wait
7F65FA270740 [main.cpp:296] main Wait
7F65FA270740 [main.cpp:296] main Wait
7F65FA270740 [main.cpp:296] main Wait
7F65FA270740 [main.cpp:296] main Wait
7F65FA270740 [main.cpp:296] main Wait
7F65FA270740 [main.cpp:296] main Wait
7FDEDC8B8740 [main.cpp:296] main Wait
7FDEDC8B8740 [main.cpp:296] main Wait
7FDEDC8B8740 [main.cpp:296] main Wait
7FDEDC8B8740 [main.cpp:296] main Wait
7FDEDC8B8740 [main.cpp:296] main Wait
7FDEDC8B8740 [main.cpp:296] main Wait
7FF7372EA740 [main.cpp:296] main Wait
7FF7372EA740 [main.cpp:296] main Wait
7FF7372EA740 [main.cpp:296] main Wait
7FF7372EA740 [main.cpp:296] main Wait
7FF7372EA740 [main.cpp:296] main Wait
7FF7372EA740 [main.cpp:296] main Wait
7FF7372EA740 [main.cpp:296] main Wait
7F96306FD740 [main.cpp:296] main Wait
7F96306FD740 [main.cpp:296] main Wait
7F96306FD740 [main.cpp:296] main Wait
7F96306FD740 [main.cpp:296] main Wait
7F96306FD740 [main.cpp:296] main Wait
7F96306FD740 [main.cpp:296] main Wait
7FF8F54F5740 [main.cpp:296] main Wait
7FF8F54F5740 [main.cpp:296] main Wait
7FF8F54F5740 [main.cpp:296] main Wait
7FF8F54F5740 [main.cpp:296] main Wait
7FF8F54F5740 [main.cpp:296] main Wait
7FF8F54F5740 [main.cpp:296] main Wait
7FF8F54F5740 [main.cpp:296] main Wait
7FF8F54F5740 [main.cpp:296] main Wait
7FA426AE4740 [main.cpp:296] main Wait
7FA426AE4740 [main.cpp:296] main Wait
7FA426AE4740 [main.cpp:296] main Wait
7FA426AE4740 [main.cpp:296] main Wait
7FA426AE4740 [main.cpp:296] main Wait
7FA426AE4740 [main.cpp:296] main Wait
7F29CC1ED740 [main.cpp:296] main Wait
7F29CC1ED740 [main.cpp:296] main Wait
7F29CC1ED740 [main.cpp:296] main Wait
7F29CC1ED740 [main.cpp:296] main Wait
7F29CC1ED740 [main.cpp:296] main Wait
7F29CC1ED740 [main.cpp:296] main Wait
7F29CC1ED740 [main.cpp:296] main Wait
7F29CC1ED740 [main.cpp:296] main Wait
7F29CC1ED740 [main.cpp:296] main Wait
7F65FA65B740 [main.cpp:296] main Wait
7F65FA65B740 [main.cpp:296] main Wait
7F65FA65B740 [main.cpp:296] main Wait
7F65FA65B740 [main.cpp:296] main Wait
7F65FA65B740 [main.cpp:296] main Wait
7F65FA65B740 [main.cpp:296] main Wait
7F65FA65B740 [main.cpp:296] main Wait
7F65FA65B740 [main.cpp:296] main Wait
7F65FA65B740 [main.cpp:296] main Wait
7F475D113740 [main.cpp:296] main Wait
7F475D113740 [main.cpp:296] main Wait
7F475D113740 [main.cpp:296] main Wait
7F475D113740 [main.cpp:296] main Wait
7F436B9C6740 [main.cpp:296] main Wait
7F436B9C6740 [main.cpp:296] main Wait
7F436B9C6740 [main.cpp:296] main Wait
7F436B9C6740 [main.cpp:296] main Wait
7F69D1A18740 [main.cpp:296] main Wait
7F69D1A18740 [main.cpp:296] main Wait
7F69D1A18740 [main.cpp:296] main Wait
7F69D1A18740 [main.cpp:296] main Wait
7F69D1A18740 [main.cpp:296] main Wait
7F69D1A18740 [main.cpp:296] main Wait
7F46BE1A7740 [main.cpp:296] main Wait
7F46BE1A7740 [main.cpp:296] main Wait
7F46BE1A7740 [main.cpp:296] main Wait
7F46BE1A7740 [main.cpp:296] main Wait
7F46BE1A7740 [main.cpp:296] main Wait
7F46BE1A7740 [main.cpp:296] main Wait
7F567BBB5740 [main.cpp:296] main Wait
7F567BBB5740 [main.cpp:296] main Wait
7F567BBB5740 [main.cpp:296] main Wait
7F567BBB5740 [main.cpp:296] main Wait
7F567BBB5740 [main.cpp:296] main Wait
7F1548B3A740 [main.cpp:296] main Wait
7F1548B3A740 [main.cpp:296] main Wait
7F1548B3A740 [main.cpp:296] main Wait
7FE6AC212740 [main.cpp:296] main Wait
7FE6AC212740 [main.cpp:296] main Wait
7FE6AC212740 [main.cpp:296] main Wait
7F0AFB6A4740 [main.cpp:297] main Wait
7F0AFB6A4740 [main.cpp:297] main Wait
7F0AFB6A4740 [main.cpp:297] main Wait
7F0AFB6A4740 [main.cpp:297] main Wait
7F0073179740 [main.cpp:297] main Wait
7F0073179740 [main.cpp:297] main Wait
7F0073179740 [main.cpp:297] main Wait
7F0073179740 [main.cpp:297] main Wait
7F7A428DA740 [main.cpp:295] main Wait
7F7A428DA740 [main.cpp:295] main Wait
7F7A428DA740 [main.cpp:295] main Wait
7F7A428DA740 [main.cpp:295] main Wait
7F241DF9C740 [main.cpp:295] main Wait
7F241DF9C740 [main.cpp:295] main Wait
7F241DF9C740 [main.cpp:295] main Wait
7F241DF9C740 [main.cpp:295] main Wait
7F98CA02B740 [main.cpp:295] main Wait
7F98CA02B740 [main.cpp:295] main Wait
7F98CA02B740 [main.cpp:295] main Wait
7F98CA02B740 [main.cpp:295] main Wait
7F98CA02B740 [main.cpp:295] main Wait
7F98CA02B740 [main.cpp:295] main Wait
7F98CA02B740 [main.cpp:295] main Wait
7F98CA02B740 [main.cpp:295] main Wait
7F98CA02B740 [main.cpp:295] main Wait
7F0FC92B7740 [main.cpp:295] main Wait
7F0FC92B7740 [main.cpp:295] main Wait
7F0FC92B7740 [main.cpp:295] main Wait
7F0FC92B7740 [main.cpp:295] main Wait
7F0FC92B7740 [main.cpp:295] main Wait
7F0FC92B7740 [main.cpp:295] main Wait
7F0FC92B7740 [main.cpp:295] main Wait
7F0FC92B7740 [main.cpp:295] main Wait
7F0FC92B7740 [main.cpp:295] main Wait
7F0FC92B7740 [main.cpp:295] main Wait
7F0FC92B7740 [main.cpp:295] main Wait
7F0FC92B7740 [main.cpp:295] main Wait
7F0FC92B7740 [main.cpp:295] main Wait
7F0FC92B7740 [main.cpp:295] main Wait
